Welcome to OurScheme!

> ERROR (unexpected token) : ')' expected when token at Line 2 Column 4 is >>5678<<

> ( 1
  .
  5
)

> ERROR (unexpected token) : atom or '(' expected when token at Line 1 Column 2 is >>.<<

> ""

> ERROR (no closing quote) : END-OF-LINE encountered at Line 1 Column 4

> ""

> ""

> asf

> ""

> ERROR (unexpected token) : atom or '(' expected when token at Line 1 Column 1 is >>.<<

> ERROR (unexpected token) : ')' expected when token at Line 2 Column 14 is >>8974568<<

> a

> ERROR (unexpected token) : atom or '(' expected when token at Line 7 Column 4 is >>.<<

> 3

> ( cons
  3
  5
)

> ( ( Hi
    "!"
    How
    .
    "are you?"
  )
  "Fine.  Thank you."
)

> ERROR (unexpected token) : atom or '(' expected when token at Line 4 Column 8 is >>.<<

> ( 1
  2
)

> ( 3
  4
)

> 5

> ERROR (no more input) : END-OF-FILE encountered