Welcome to OurScheme!

> 
> "Test for NCQ"

> a

> ERROR (no closing quote) : END-OF-LINE encountered at Line 1 Column 3

> 
> "123"

> ERROR (no closing quote) : END-OF-LINE encountered at Line 1 Column 2

> 
> "123"

> ERROR (no closing quote) : END-OF-LINE encountered at Line 1 Column 3

> 
> "123"

> ERROR (no closing quote) : END-OF-LINE encountered at Line 1 Column 4

> 
> "123"

> a

> ERROR (no closing quote) : END-OF-LINE encountered at Line 1 Column 3

> 
> ERROR (no closing quote) : END-OF-LINE encountered at Line 1 Column 9

> 
> ERROR (no closing quote) : END-OF-LINE encountered at Line 1 Column 11

> 
> "123"

> f

> ERROR (no closing quote) : END-OF-LINE encountered at Line 1 Column 5

> 
> "123"

> f

> ERROR (no closing quote) : END-OF-LINE encountered at Line 1 Column 4

> 
> ERROR (no closing quote) : END-OF-LINE encountered at Line 1 Column 8

> 
> "123"

> f

> ERROR (no closing quote) : END-OF-LINE encountered at Line 1 Column 3

> 
> "123"

> a

> ""

> ERROR (no closing quote) : END-OF-LINE encountered at Line 1 Column 3

> 
> "123"

> a

> ""

> ERROR (no closing quote) : END-OF-LINE encountered at Line 1 Column 2

> 
> "123"

> 4

> ERROR (no closing quote) : END-OF-LINE encountered at Line 1 Column 3

> 
> "123"

> 4

> ERROR (no closing quote) : END-OF-LINE encountered at Line 1 Column 3

> 
> "123"

> 4

> ERROR (no closing quote) : END-OF-LINE encountered at Line 1 Column 2

> 
> "123"

> 4

> ERROR (no closing quote) : END-OF-LINE encountered at Line 1 Column 2

> 
> ""

> ""

> ""

> ERROR (no closing quote) : END-OF-LINE encountered at Line 1 Column 2

> 
> ""

> ""

> ""

> ERROR (no closing quote) : END-OF-LINE encountered at Line 1 Column 3

> 
> "   "

> ERROR (no closing quote) : END-OF-LINE encountered at Line 1 Column 5

> 
> "123"

> ERROR (no closing quote) : END-OF-LINE encountered at Line 1 Column 5

> 
> "123"

> ERROR (no closing quote) : END-OF-LINE encountered at Line 1 Column 6

> 
> "123"

> ERROR (no closing quote) : END-OF-LINE encountered at Line 1 Column 7

> 
> ERROR (no closing quote) : END-OF-LINE encountered at Line 1 Column 2

> 
> (

> 
> exit

> 
> )
Thanks for using OurScheme!