Welcome to OurScheme!

> 
> ""

> ""

> asf

> ""

> ( ""
  .:
)

> ( quote
  ( a
    ( b
      nil
    )
    quote
    #t
  )
)

> "t"

> a

> ERROR (unexpected token) : atom or '(' expected when token at Line 2 Column 3 is >>.<<

> 
> ( a
  b
  ( c
  )
  .
  d
)

> ( a
  b
  ( c.
    nil
  )
  .d
)

> ( a
  b
  ( c
  )
  .
  d
)

> ( a
  b
  ( c
  )
  .
  d
)

> ( a
  b
  ( c
  )
  .
  d
)

> ( a
  b
  ( c
  )
  .
  d
)

> ( a
  b
  ( c
  )
  .
  d
)

> ( a
  b
  ( c
  )
  .
  d
)

> ( a
  b
  ( c
  )
  .
  d
)

> ( a
  b
  ( c
  )
  .
  d
)

> 123

> 456

> 789

> ( 234
  .
  6
)

> ( 77.900
  +
  6
)

> ( ( ( nil
      nil
      nil
    )
  )
)

> ( 123
  ""
)

> ( quote
  ( 1
    2
    3
  )
)

> ERROR (unexpected token) : atom or '(' expected when token at Line 6 Column 2 is >>)<<

> 
> ( quote
  ( 1
    2
    3
  )
)

> 0.250

> ( Hi
  there
)

> ( How
  are
  you
)

> ( Hi!
  ( How
    about
    using
    Lisp
    ( instead
      of
      .
      C?
    )
  )
)

> ( ( ( 1
      .
      2
    )
    ( 3
      4
    )
    5
    .
    6
  )
  7
  .
  8
)

> a

> 3

> 23.560

> 3

> 3.230

> 1.556

> ( cons
  3
  5
)

> ( ( Hi
    "!"
    How
    .
    "are you?"
  )
  "Fine.  Thank you."
)

> ERROR (unexpected token) : atom or '(' expected when token at Line 19 Column 10 is >>.<<

> 
> ( 1
  2
)

> ( 3
  4
)

> 5

> a

> 3

> ( cons
  3
  5
)

> ( ( Hi
    "!"
    How
    .
    "are you?"
  )
  "Fine.  Thank you."
)

> ERROR (unexpected token) : atom or '(' expected when token at Line 20 Column 8 is >>.<<

> 
> ( 1
  2
)

> ( 3
  4
)

> 5

> ( ( ( 1
      .
      2
    )
    ( 3
      4
    )
    5
    .
    6
  )
  7
  .
  8
)

> ( ( ( 1
      .
      "ICE CYCU"
    )
    ( THIS
      is
      ( 41
        42
        .
        43
      )
    )
    Chung
    .
    Yuan
  )
  7
  .
  8
)

> ( 1
  .
  2
)

> ERROR (unexpected token) : atom or '(' expected when token at Line 11 Column 1 is >>.<<

> 
> ERROR (unexpected token) : atom or '(' expected when token at Line 3 Column 4 is >>.<<

> 
> 34

> 56

> ERROR (unexpected token) : ')' expected when token at Line 2 Column 5 is >>56<<

> 
> ERROR (unexpected token) : atom or '(' expected when token at Line 1 Column 1 is >>)<<

> 
> ERROR (no closing quote) : END-OF-LINE encountered at Line 4 Column 21

> 
> ERROR (no closing quote) : END-OF-LINE encountered at Line 1 Column 22

> 
> ERROR (no closing quote) : END-OF-LINE encountered at Line 1 Column 2

> Thanks for using OurScheme!