Welcome to OurScheme!

> ERROR (non-list) : ( 1
  .
  2
)

> ERROR (unexpected token) : ')' expected when token at Line 9 Column 51 is >>b<<

> ERROR (non-list) : ( 1
  .
  2
)

> ERROR (unexpected token) : ')' expected when token at Line 9 Column 51 is >>b<<

> ERROR (non-list) : ( 1
  .
  2
)

> ERROR (unbound symbol) : test

> ERROR (unexpected token) : ')' expected when token at Line 9 Column 51 is >>b<<

> ERROR (non-list) : ( 1
  .
  2
)

> test

> ERROR (unexpected token) : ')' expected when token at Line 9 Column 51 is >>b<<

> 
Thanks for using OurScheme!