Welcome to OurScheme!

> ERROR (unbound symbol) : set-cdr!

> test"test"

> ERROR (LAMBDA format) : ( lambda
  #t
  ( list
    1
    2
    3
  )
)

> #<procedure lambda>

> ERROR (LAMBDA format) : ( lambda
  ( not
    #t
  )
  ( list
    1
    2
    3
  )
)

> ERROR (LAMBDA format) : ( lambda
  ( not
    ( #t
    )
  )
  ( list
    1
    2
    3
  )
)

> nil

> NIL defined

> ERROR (LAMBDA format) : ( lambda
  NIL
  ( list
    1
    2
    3
  )
)

> #<procedure lambda>

> nil

> nil

> nil

> a defined

> ERROR (attempt to apply non-function) : 1

> ERROR (unbound symbol) : b

> nil

> b defined

> nil

> b defined

> #t

> 
Thanks for using OurScheme!