Welcome to OurScheme!

> ( 3
  4
  5
)

> ( 3
  ( 4
    5
  )
)

> ( 3
  ( 4
    5
  )
  6
  ( 7
    8
  )
)

> ERROR (attempt to apply non-function) : ( 1
  .
  2
)

> ERROR (attempt to apply non-function) : ( 1
  .
  2
)

> ERROR (attempt to apply non-function) : ( "quote"
  nil
  ( 1
    .
    2
  )
  345
  nil
)

> main defined

> ERROR (level of DEFINE)

> ERROR (unbound symbol) : just_a_atom

> "Merry Christmas!"

> ERROR (attempt to apply non-function) : ( 1
  .
  2
)

> a defined

> #<procedure lambda>

> lambda_exit defined

> 11

> Factorial defined

> 
Thanks for using OurScheme!