Welcome to OurScheme!

> ERROR (DEFINE format) : ( define
  define
  3
)

> ERROR (DEFINE format) : ( define
  exit
  3
)

> ERROR (LAMBDA format) : ( lambda
  ( define
    a
    3
  )
)

> ERROR (LET format) : ( let
  ( ( cons
      car
    )
  )
  ( cons
    ( quote
      ( 1
        2
      )
    )
  )
)

> ERROR (SET! format) : ( set!
  ( ( cons
      car
    )
  )
  ( cons
    ( quote
      ( 1
        2
      )
    )
  )
  ( lambda
    ( cons
      1
      2
    )
  )
)

> ERROR (unbound symbol) : a

> nil

> ERROR (incorrect number of arguments) : cons

> 
Thanks for using OurScheme!