Welcome to OurScheme!

> ERROR (unbound symbol) : A

> ERROR (unbound symbol) : backc

> ERROR (unbound symbol) : s

> ERROR (unbound symbol) : ff

> ERROR (unbound symbol) : asdp

> #<procedure clean-environment>

> #<procedure cons>

> #<procedure list>

> #<procedure quote>

> nil

> #<procedure define>

> #<procedure car>

> #<procedure cdr>

> #<procedure atom?>

> #<procedure pair?>

> #<procedure list?>

> #<procedure null?>

> #<procedure integer?>

> #<procedure real?>

> #<procedure number?>

> #<procedure string?>

> #<procedure boolean?>

> #<procedure symbol?>

> #<procedure +>

> #<procedure ->

> #<procedure *>

> #<procedure />

> #<procedure not>

> #<procedure and>

> #<procedure or>

> #<procedure >>

> #<procedure >=>

> #<procedure <>

> #<procedure <=>

> #<procedure =>

> #<procedure string-append>

> #<procedure string>?>

> #<procedure string<?>

> #<procedure string=?>

> #<procedure eqv?>

> #<procedure equal?>

> #<procedure begin>

> #<procedure if>

> #<procedure cond>

> #<procedure clean-environment>

> 
Thanks for using OurScheme!